id: apps/v1:Deployment:go-city:go-citydev
type: Kubernetes
dependsOn:
- v1:Namespace:go-city
- v1:Service:go-city:gocity
attributes:
  apiVersion: apps/v1
  kind: Deployment
  metadata:
    name: go-citydev
    namespace: go-city
  spec:
    replicas: 1
    selector:
      matchLabels:
        app.kubernetes.io/name: gocity
        app.kubernetes.io/env: dev
    template:
      metadata:
        labels:
          app.kubernetes.io/name: gocity
          app.kubernetes.io/env: dev
      spec:
        containers:
        - image: howieyuen/gocity:latest
          name: gocity
          ports:
          - containerPort: 4000
            protocol: TCP
---
id: v1:Namespace:go-city
type: Kubernetes
attributes:
  apiVersion: v1
  kind: Namespace
  metadata:
    name: go-city
---
id: v1:Service:go-city:gocity
type: Kubernetes
dependsOn:
- v1:Namespace:go-city
attributes:
  apiVersion: v1
  kind: Service
  metadata:
    name: gocity
    namespace: go-city
  spec:
    ports:
    - name: gocity-backend
      port: 4000
      protocol: TCP
      targetPort: 4000
    selector:
      app.kubernetes.io/name: gocity
      app.kubernetes.io/env: dev
    type: ClusterIP
